// Jest Snapshot v1, https://goo.gl/fbAQLP

exports[`Main file should render App component in "#app" container 1`] = `
<div
  className="app"
>
  <div
    className="header"
    style={
      Object {
        "backgroundImage": "url('image')",
      }
    }
  >
    <div
      className="header__container"
    >
      <span
        className="logo"
      >
        netflixroulette
      </span>
      <div
        className="search-movie"
      >
        <h2>
          FIND YOUR MOVIE
        </h2>
        <input
          className="search-field__input"
          type="text"
        />
        <div
          className="search-movie__buttons"
        >
          <div
            className="search-movie__buttons-left-side"
          >
            <h3>
              SEARCH BY
            </h3>
            <button
              className="button button--small  "
              onClick={[Function]}
              type="button"
            >
              TITLE
            </button>
            <button
              className="button button--small  button--grey"
              onClick={[Function]}
              type="button"
            >
              GENRE
            </button>
          </div>
          <button
            className="button   "
            onClick={[Function]}
            type="button"
          >
            SEARCH
          </button>
        </div>
      </div>
    </div>
  </div>
  <div
    className="app__body"
  >
    <div
      className="results"
    >
      <div
        className="results__header"
      >
        <span>
          x movies found
        </span>
        <div
          className="sort-by"
        >
          <h3
            className="sort-by__title"
          >
            Sort by
          </h3>
          <button
            className="button-link   "
            onClick={[Function]}
            type="button"
          >
            release date
          </button>
          <button
            className="button-link   "
            onClick={[Function]}
            type="button"
          >
            rating
          </button>
        </div>
      </div>
      <div
        className="results__container"
      >
        <div
          className="movie"
        >
          <div
            className="movie__cover"
          >
            <img
              src=""
            />
          </div>
          <div
            className="movie__footer"
          >
            <div
              className="movie__title"
            >
              Test1
            </div>
            <div
              className="movie__type"
            >
              type
            </div>
            <div
              className="movie__release-date"
            >
              2018
            </div>
          </div>
        </div>
        <div
          className="movie"
        >
          <div
            className="movie__cover"
          >
            <img
              src=""
            />
          </div>
          <div
            className="movie__footer"
          >
            <div
              className="movie__title"
            >
              Test2
            </div>
            <div
              className="movie__type"
            >
              type
            </div>
            <div
              className="movie__release-date"
            >
              2018
            </div>
          </div>
        </div>
        <div
          className="movie"
        >
          <div
            className="movie__cover"
          >
            <img
              src=""
            />
          </div>
          <div
            className="movie__footer"
          >
            <div
              className="movie__title"
            >
              Test3
            </div>
            <div
              className="movie__type"
            >
              type
            </div>
            <div
              className="movie__release-date"
            >
              2018
            </div>
          </div>
        </div>
        <div
          className="movie"
        >
          <div
            className="movie__cover"
          >
            <img
              src=""
            />
          </div>
          <div
            className="movie__footer"
          >
            <div
              className="movie__title"
            >
              Test4
            </div>
            <div
              className="movie__type"
            >
              type
            </div>
            <div
              className="movie__release-date"
            >
              2018
            </div>
          </div>
        </div>
        <div
          className="movie"
        >
          <div
            className="movie__cover"
          >
            <img
              src=""
            />
          </div>
          <div
            className="movie__footer"
          >
            <div
              className="movie__title"
            >
              Test5
            </div>
            <div
              className="movie__type"
            >
              type
            </div>
            <div
              className="movie__release-date"
            >
              2018
            </div>
          </div>
        </div>
      </div>
    </div>
  </div>
  <div
    className="footer"
  >
    <span
      className="logo"
    >
      netflixroulette
    </span>
  </div>
</div>
`;
